Archive member included to satisfy reference by file (symbol)

d:/_program file (x86)/stm32cubeide_1.5.1/stm32cubeide/plugins/com.st.stm32cube.ide.mcu.externaltools.gnu-tools-for-stm32.9-2020-q2-update.win32_1.5.0.202011040924/tools/bin/../lib/gcc/arm-none-eabi/9.3.1/../../../../arm-none-eabi/lib/thumb/v7-m/nofp\libc_nano.a(lib_a-errno.o)
                              Core/Src/syscalls.o (__errno)
d:/_program file (x86)/stm32cubeide_1.5.1/stm32cubeide/plugins/com.st.stm32cube.ide.mcu.externaltools.gnu-tools-for-stm32.9-2020-q2-update.win32_1.5.0.202011040924/tools/bin/../lib/gcc/arm-none-eabi/9.3.1/../../../../arm-none-eabi/lib/thumb/v7-m/nofp\libc_nano.a(lib_a-exit.o)
                              d:/_program file (x86)/stm32cubeide_1.5.1/stm32cubeide/plugins/com.st.stm32cube.ide.mcu.externaltools.gnu-tools-for-stm32.9-2020-q2-update.win32_1.5.0.202011040924/tools/bin/../lib/gcc/arm-none-eabi/9.3.1/../../../../arm-none-eabi/lib/thumb/v7-m/nofp/crt0.o (exit)
d:/_program file (x86)/stm32cubeide_1.5.1/stm32cubeide/plugins/com.st.stm32cube.ide.mcu.externaltools.gnu-tools-for-stm32.9-2020-q2-update.win32_1.5.0.202011040924/tools/bin/../lib/gcc/arm-none-eabi/9.3.1/../../../../arm-none-eabi/lib/thumb/v7-m/nofp\libc_nano.a(lib_a-impure.o)
                              d:/_program file (x86)/stm32cubeide_1.5.1/stm32cubeide/plugins/com.st.stm32cube.ide.mcu.externaltools.gnu-tools-for-stm32.9-2020-q2-update.win32_1.5.0.202011040924/tools/bin/../lib/gcc/arm-none-eabi/9.3.1/../../../../arm-none-eabi/lib/thumb/v7-m/nofp\libc_nano.a(lib_a-exit.o) (_global_impure_ptr)
d:/_program file (x86)/stm32cubeide_1.5.1/stm32cubeide/plugins/com.st.stm32cube.ide.mcu.externaltools.gnu-tools-for-stm32.9-2020-q2-update.win32_1.5.0.202011040924/tools/bin/../lib/gcc/arm-none-eabi/9.3.1/../../../../arm-none-eabi/lib/thumb/v7-m/nofp\libc_nano.a(lib_a-init.o)
                              d:/_program file (x86)/stm32cubeide_1.5.1/stm32cubeide/plugins/com.st.stm32cube.ide.mcu.externaltools.gnu-tools-for-stm32.9-2020-q2-update.win32_1.5.0.202011040924/tools/bin/../lib/gcc/arm-none-eabi/9.3.1/../../../../arm-none-eabi/lib/thumb/v7-m/nofp/crt0.o (__libc_init_array)
d:/_program file (x86)/stm32cubeide_1.5.1/stm32cubeide/plugins/com.st.stm32cube.ide.mcu.externaltools.gnu-tools-for-stm32.9-2020-q2-update.win32_1.5.0.202011040924/tools/bin/../lib/gcc/arm-none-eabi/9.3.1/../../../../arm-none-eabi/lib/thumb/v7-m/nofp\libc_nano.a(lib_a-memset.o)
                              d:/_program file (x86)/stm32cubeide_1.5.1/stm32cubeide/plugins/com.st.stm32cube.ide.mcu.externaltools.gnu-tools-for-stm32.9-2020-q2-update.win32_1.5.0.202011040924/tools/bin/../lib/gcc/arm-none-eabi/9.3.1/../../../../arm-none-eabi/lib/thumb/v7-m/nofp/crt0.o (memset)
d:/_program file (x86)/stm32cubeide_1.5.1/stm32cubeide/plugins/com.st.stm32cube.ide.mcu.externaltools.gnu-tools-for-stm32.9-2020-q2-update.win32_1.5.0.202011040924/tools/bin/../lib/gcc/arm-none-eabi/9.3.1/../../../../arm-none-eabi/lib/thumb/v7-m/nofp\libc_nano.a(lib_a-strlen.o)
                              Source_gLCD/ST7565.o (strlen)

Allocating common symbols
Common symbol       size              file

htim4               0x48              Core/Src/main.o
uwTick              0x4               Drivers/STM32F1xx_HAL_Driver/Src/stm32f1xx_hal.o
pFlash              0x20              Drivers/STM32F1xx_HAL_Driver/Src/stm32f1xx_hal_flash.o
ST7565_buffer       0x400             Source_gLCD/ST7565.o
hspi1               0x58              Core/Src/main.o

Discarded input sections

 .text          0x0000000000000000        0x0 d:/_program file (x86)/stm32cubeide_1.5.1/stm32cubeide/plugins/com.st.stm32cube.ide.mcu.externaltools.gnu-tools-for-stm32.9-2020-q2-update.win32_1.5.0.202011040924/tools/bin/../lib/gcc/arm-none-eabi/9.3.1/thumb/v7-m/nofp/crti.o
 .data          0x0000000000000000        0x0 d:/_program file (x86)/stm32cubeide_1.5.1/stm32cubeide/plugins/com.st.stm32cube.ide.mcu.externaltools.gnu-tools-for-stm32.9-2020-q2-update.win32_1.5.0.202011040924/tools/bin/../lib/gcc/arm-none-eabi/9.3.1/thumb/v7-m/nofp/crti.o
 .bss           0x0000000000000000        0x0 d:/_program file (x86)/stm32cubeide_1.5.1/stm32cubeide/plugins/com.st.stm32cube.ide.mcu.externaltools.gnu-tools-for-stm32.9-2020-q2-update.win32_1.5.0.202011040924/tools/bin/../lib/gcc/arm-none-eabi/9.3.1/thumb/v7-m/nofp/crti.o
 .data          0x0000000000000000        0x4 d:/_program file (x86)/stm32cubeide_1.5.1/stm32cubeide/plugins/com.st.stm32cube.ide.mcu.externaltools.gnu-tools-for-stm32.9-2020-q2-update.win32_1.5.0.202011040924/tools/bin/../lib/gcc/arm-none-eabi/9.3.1/thumb/v7-m/nofp/crtbegin.o
 .text          0x0000000000000000       0x7c d:/_program file (x86)/stm32cubeide_1.5.1/stm32cubeide/plugins/com.st.stm32cube.ide.mcu.externaltools.gnu-tools-for-stm32.9-2020-q2-update.win32_1.5.0.202011040924/tools/bin/../lib/gcc/arm-none-eabi/9.3.1/../../../../arm-none-eabi/lib/thumb/v7-m/nofp/crt0.o
[...]
Memory Configuration

Name             Origin             Length             Attributes
RAM              0x0000000020000000 0x0000000000005000 xrw
FLASH            0x0000000008000000 0x0000000000010000 xr
*default*        0x0000000000000000 0xffffffffffffffff

Linker script and memory map

LOAD d:/_program file (x86)/stm32cubeide_1.5.1/stm32cubeide/plugins/com.st.stm32cube.ide.mcu.externaltools.gnu-tools-for-stm32.9-2020-q2-update.win32_1.5.0.202011040924/tools/bin/../lib/gcc/arm-none-eabi/9.3.1/thumb/v7-m/nofp/crti.o
LOAD d:/_program file (x86)/stm32cubeide_1.5.1/stm32cubeide/plugins/com.st.stm32cube.ide.mcu.externaltools.gnu-tools-for-stm32.9-2020-q2-update.win32_1.5.0.202011040924/tools/bin/../lib/gcc/arm-none-eabi/9.3.1/thumb/v7-m/nofp/crtbegin.o
LOAD d:/_program file (x86)/stm32cubeide_1.5.1/stm32cubeide/plugins/com.st.stm32cube.ide.mcu.externaltools.gnu-tools-for-stm32.9-2020-q2-update.win32_1.5.0.202011040924/tools/bin/../lib/gcc/arm-none-eabi/9.3.1/../../../../arm-none-eabi/lib/thumb/v7-m/nofp/crt0.o
LOAD Core/Src/hx711.o
LOAD Core/Src/main.o
LOAD Core/Src/stm32f1xx_hal_msp.o
LOAD Core/Src/stm32f1xx_it.o
LOAD Core/Src/syscalls.o
LOAD Core/Src/sysmem.o
LOAD Core/Src/system_stm32f1xx.o
LOAD Core/Startup/startup_stm32f103c8tx.o
LOAD Drivers/STM32F1xx_HAL_Driver/Src/stm32f1xx_hal.o
LOAD Drivers/STM32F1xx_HAL_Driver/Src/stm32f1xx_hal_cortex.o
LOAD Drivers/STM32F1xx_HAL_Driver/Src/stm32f1xx_hal_dma.o
LOAD Drivers/STM32F1xx_HAL_Driver/Src/stm32f1xx_hal_exti.o
LOAD Drivers/STM32F1xx_HAL_Driver/Src/stm32f1xx_hal_flash.o
LOAD Drivers/STM32F1xx_HAL_Driver/Src/stm32f1xx_hal_flash_ex.o
LOAD Drivers/STM32F1xx_HAL_Driver/Src/stm32f1xx_hal_gpio.o
LOAD Drivers/STM32F1xx_HAL_Driver/Src/stm32f1xx_hal_gpio_ex.o
LOAD Drivers/STM32F1xx_HAL_Driver/Src/stm32f1xx_hal_pwr.o
LOAD Drivers/STM32F1xx_HAL_Driver/Src/stm32f1xx_hal_rcc.o
LOAD Drivers/STM32F1xx_HAL_Driver/Src/stm32f1xx_hal_rcc_ex.o
LOAD Drivers/STM32F1xx_HAL_Driver/Src/stm32f1xx_hal_spi.o
LOAD Drivers/STM32F1xx_HAL_Driver/Src/stm32f1xx_hal_tim.o
LOAD Drivers/STM32F1xx_HAL_Driver/Src/stm32f1xx_hal_tim_ex.o
LOAD Source_gLCD/ST7565.o
LOAD Source_gLCD/fonts.o
LOAD util/DWT_Delay.o
LOAD util/Timer_Delay.o
START GROUP
LOAD d:/_program file (x86)/stm32cubeide_1.5.1/stm32cubeide/plugins/com.st.stm32cube.ide.mcu.externaltools.gnu-tools-for-stm32.9-2020-q2-update.win32_1.5.0.202011040924/tools/bin/../lib/gcc/arm-none-eabi/9.3.1/../../../../arm-none-eabi/lib/thumb/v7-m/nofp\libc_nano.a
LOAD d:/_program file (x86)/stm32cubeide_1.5.1/stm32cubeide/plugins/com.st.stm32cube.ide.mcu.externaltools.gnu-tools-for-stm32.9-2020-q2-update.win32_1.5.0.202011040924/tools/bin/../lib/gcc/arm-none-eabi/9.3.1/../../../../arm-none-eabi/lib/thumb/v7-m/nofp\libm.a
END GROUP
START GROUP
LOAD d:/_program file (x86)/stm32cubeide_1.5.1/stm32cubeide/plugins/com.st.stm32cube.ide.mcu.externaltools.gnu-tools-for-stm32.9-2020-q2-update.win32_1.5.0.202011040924/tools/bin/../lib/gcc/arm-none-eabi/9.3.1/thumb/v7-m/nofp\libgcc.a
LOAD d:/_program file (x86)/stm32cubeide_1.5.1/stm32cubeide/plugins/com.st.stm32cube.ide.mcu.externaltools.gnu-tools-for-stm32.9-2020-q2-update.win32_1.5.0.202011040924/tools/bin/../lib/gcc/arm-none-eabi/9.3.1/../../../../arm-none-eabi/lib/thumb/v7-m/nofp\libc_nano.a
END GROUP
START GROUP
LOAD d:/_program file (x86)/stm32cubeide_1.5.1/stm32cubeide/plugins/com.st.stm32cube.ide.mcu.externaltools.gnu-tools-for-stm32.9-2020-q2-update.win32_1.5.0.202011040924/tools/bin/../lib/gcc/arm-none-eabi/9.3.1/thumb/v7-m/nofp\libgcc.a
LOAD d:/_program file (x86)/stm32cubeide_1.5.1/stm32cubeide/plugins/com.st.stm32cube.ide.mcu.externaltools.gnu-tools-for-stm32.9-2020-q2-update.win32_1.5.0.202011040924/tools/bin/../lib/gcc/arm-none-eabi/9.3.1/../../../../arm-none-eabi/lib/thumb/v7-m/nofp\libc_nano.a
LOAD d:/_program file (x86)/stm32cubeide_1.5.1/stm32cubeide/plugins/com.st.stm32cube.ide.mcu.externaltools.gnu-tools-for-stm32.9-2020-q2-update.win32_1.5.0.202011040924/tools/bin/../lib/gcc/arm-none-eabi/9.3.1/../../../../arm-none-eabi/lib/thumb/v7-m/nofp\libnosys.a
END GROUP
START GROUP
LOAD d:/_program file (x86)/stm32cubeide_1.5.1/stm32cubeide/plugins/com.st.stm32cube.ide.mcu.externaltools.gnu-tools-for-stm32.9-2020-q2-update.win32_1.5.0.202011040924/tools/bin/../lib/gcc/arm-none-eabi/9.3.1/thumb/v7-m/nofp\libgcc.a
LOAD d:/_program file (x86)/stm32cubeide_1.5.1/stm32cubeide/plugins/com.st.stm32cube.ide.mcu.externaltools.gnu-tools-for-stm32.9-2020-q2-update.win32_1.5.0.202011040924/tools/bin/../lib/gcc/arm-none-eabi/9.3.1/../../../../arm-none-eabi/lib/thumb/v7-m/nofp\libc_nano.a
LOAD d:/_program file (x86)/stm32cubeide_1.5.1/stm32cubeide/plugins/com.st.stm32cube.ide.mcu.externaltools.gnu-tools-for-stm32.9-2020-q2-update.win32_1.5.0.202011040924/tools/bin/../lib/gcc/arm-none-eabi/9.3.1/../../../../arm-none-eabi/lib/thumb/v7-m/nofp\libnosys.a
END GROUP
LOAD d:/_program file (x86)/stm32cubeide_1.5.1/stm32cubeide/plugins/com.st.stm32cube.ide.mcu.externaltools.gnu-tools-for-stm32.9-2020-q2-update.win32_1.5.0.202011040924/tools/bin/../lib/gcc/arm-none-eabi/9.3.1/thumb/v7-m/nofp/crtend.o
LOAD d:/_program file (x86)/stm32cubeide_1.5.1/stm32cubeide/plugins/com.st.stm32cube.ide.mcu.externaltools.gnu-tools-for-stm32.9-2020-q2-update.win32_1.5.0.202011040924/tools/bin/../lib/gcc/arm-none-eabi/9.3.1/thumb/v7-m/nofp/crtn.o
                0x0000000020005000                _estack = (ORIGIN (RAM) + LENGTH (RAM))
                0x0000000000000200                _Min_Heap_Size = 0x200
                0x0000000000000400                _Min_Stack_Size = 0x400

.isr_vector     0x0000000008000000      0x10c
                0x0000000008000000                . = ALIGN (0x4)
 *(.isr_vector)
 .isr_vector    0x0000000008000000      0x10c Core/Startup/startup_stm32f103c8tx.o
                0x0000000008000000                g_pfnVectors
                0x000000000800010c                . = ALIGN (0x4)

.text           0x000000000800010c     0x14e4
                0x000000000800010c                . = ALIGN (0x4)
 *(.text)
 .text          0x000000000800010c       0x40 d:/_program file (x86)/stm32cubeide_1.5.1/stm32cubeide/plugins/com.st.stm32cube.ide.mcu.externaltools.gnu-tools-for-stm32.9-2020-q2-update.win32_1.5.0.202011040924/tools/bin/../lib/gcc/arm-none-eabi/9.3.1/thumb/v7-m/nofp/crtbegin.o
 *(.text*)
 .text.DWT_Delay_us
                0x000000000800014c       0x50 Core/Src/hx711.o
 .text.HX711_getValue
                0x000000000800019c       0xbc Core/Src/hx711.o
                0x000000000800019c                HX711_getValue
 .text.main     0x0000000008000258       0x22 Core/Src/main.o
                0x0000000008000258                main
 .text.SystemClock_Config
                0x000000000800027a       0x8a Core/Src/main.o
                0x000000000800027a                SystemClock_Config
 .text.MX_SPI1_Init
                0x0000000008000304       0x6c Core/Src/main.o
 .text.MX_GPIO_Init
                0x0000000008000370      0x124 Core/Src/main.o
 .text.Error_Handler
                0x0000000008000494        0xa Core/Src/main.o
                0x0000000008000494                Error_Handler
 *fill*         0x000000000800049e        0x2 
 .text.HAL_MspInit
                0x00000000080004a0       0x64 Core/Src/stm32f1xx_hal_msp.o
                0x00000000080004a0                HAL_MspInit
 .text.HAL_SPI_MspInit
                0x0000000008000504       0x94 Core/Src/stm32f1xx_hal_msp.o
                0x0000000008000504                HAL_SPI_MspInit
 .text.NMI_Handler
                0x0000000008000598        0x6 Core/Src/stm32f1xx_it.o
                0x0000000008000598                NMI_Handler
 .text.HardFault_Handler
                0x000000000800059e        0x6 Core/Src/stm32f1xx_it.o
                0x000000000800059e                HardFault_Handler
 .text.MemManage_Handler
                0x00000000080005a4        0x6 Core/Src/stm32f1xx_it.o
                0x00000000080005a4                MemManage_Handler
 .text.BusFault_Handler
                0x00000000080005aa        0x6 Core/Src/stm32f1xx_it.o
                0x00000000080005aa                BusFault_Handler
 .text.UsageFault_Handler
                0x00000000080005b0        0x6 Core/Src/stm32f1xx_it.o
                0x00000000080005b0                UsageFault_Handler
 .text.SVC_Handler
                0x00000000080005b6        0xc Core/Src/stm32f1xx_it.o
                0x00000000080005b6                SVC_Handler
 .text.DebugMon_Handler
                0x00000000080005c2        0xc Core/Src/stm32f1xx_it.o
                0x00000000080005c2                DebugMon_Handler
 .text.PendSV_Handler
                0x00000000080005ce        0xc Core/Src/stm32f1xx_it.o
                0x00000000080005ce                PendSV_Handler
 .text.SysTick_Handler
                0x00000000080005da        0xc Core/Src/stm32f1xx_it.o
                0x00000000080005da                SysTick_Handler
 .text.SystemInit
                0x00000000080005e6        0xc Core/Src/system_stm32f1xx.o
                0x00000000080005e6                SystemInit
 *fill*         0x00000000080005f2        0x2 
 .text.Reset_Handler
                0x00000000080005f4       0x48 Core/Startup/startup_stm32f103c8tx.o
                0x00000000080005f4                Reset_Handler
 .text.Default_Handler
                0x000000000800063c        0x2 Core/Startup/startup_stm32f103c8tx.o
                0x000000000800063c                RTC_Alarm_IRQHandler
                0x000000000800063c                EXTI2_IRQHandler
                0x000000000800063c                TIM1_CC_IRQHandler
                0x000000000800063c                PVD_IRQHandler
                0x000000000800063c                EXTI3_IRQHandler
                0x000000000800063c                EXTI0_IRQHandler
                0x000000000800063c                I2C2_EV_IRQHandler
                0x000000000800063c                ADC1_2_IRQHandler
                0x000000000800063c                SPI1_IRQHandler
                0x000000000800063c                TAMPER_IRQHandler
                0x000000000800063c                DMA1_Channel4_IRQHandler
                0x000000000800063c                USART3_IRQHandler
                0x000000000800063c                RTC_IRQHandler
                0x000000000800063c                DMA1_Channel7_IRQHandler
                0x000000000800063c                CAN1_RX1_IRQHandler
                0x000000000800063c                TIM4_IRQHandler
                0x000000000800063c                I2C1_EV_IRQHandler
                0x000000000800063c                DMA1_Channel6_IRQHandler
                0x000000000800063c                TIM3_IRQHandler
                0x000000000800063c                RCC_IRQHandler
                0x000000000800063c                TIM1_TRG_COM_IRQHandler
                0x000000000800063c                DMA1_Channel1_IRQHandler
                0x000000000800063c                Default_Handler
                0x000000000800063c                EXTI15_10_IRQHandler
                0x000000000800063c                EXTI9_5_IRQHandler
                0x000000000800063c                SPI2_IRQHandler
                0x000000000800063c                DMA1_Channel5_IRQHandler
                0x000000000800063c                EXTI4_IRQHandler
                0x000000000800063c                USB_LP_CAN1_RX0_IRQHandler
                0x000000000800063c                USB_HP_CAN1_TX_IRQHandler
                0x000000000800063c                DMA1_Channel3_IRQHandler
                0x000000000800063c                TIM1_UP_IRQHandler
                0x000000000800063c                WWDG_IRQHandler
                0x000000000800063c                TIM2_IRQHandler
                0x000000000800063c                TIM1_BRK_IRQHandler
                0x000000000800063c                EXTI1_IRQHandler
                0x000000000800063c                USART2_IRQHandler
                0x000000000800063c                I2C2_ER_IRQHandler
                0x000000000800063c                DMA1_Channel2_IRQHandler
                0x000000000800063c                CAN1_SCE_IRQHandler
                0x000000000800063c                FLASH_IRQHandler
                0x000000000800063c                USART1_IRQHandler
                0x000000000800063c                I2C1_ER_IRQHandler
                0x000000000800063c                USBWakeUp_IRQHandler
 *fill*         0x000000000800063e        0x2 
 .text.HAL_Init
                0x0000000008000640       0x2c Drivers/STM32F1xx_HAL_Driver/Src/stm32f1xx_hal.o
                0x0000000008000640                HAL_Init
 .text.HAL_InitTick
                0x000000000800066c       0x60 Drivers/STM32F1xx_HAL_Driver/Src/stm32f1xx_hal.o
                0x000000000800066c                HAL_InitTick
 .text.HAL_IncTick
                0x00000000080006cc       0x24 Drivers/STM32F1xx_HAL_Driver/Src/stm32f1xx_hal.o
                0x00000000080006cc                HAL_IncTick
 .text.HAL_GetTick
                0x00000000080006f0       0x14 Drivers/STM32F1xx_HAL_Driver/Src/stm32f1xx_hal.o
                0x00000000080006f0                HAL_GetTick
 .text.__NVIC_SetPriorityGrouping
                0x0000000008000704       0x48 Drivers/STM32F1xx_HAL_Driver/Src/stm32f1xx_hal_cortex.o
 .text.__NVIC_GetPriorityGrouping
                0x000000000800074c       0x1c Drivers/STM32F1xx_HAL_Driver/Src/stm32f1xx_hal_cortex.o
 .text.__NVIC_SetPriority
                0x0000000008000768       0x54 Drivers/STM32F1xx_HAL_Driver/Src/stm32f1xx_hal_cortex.o
 .text.NVIC_EncodePriority
                0x00000000080007bc       0x64 Drivers/STM32F1xx_HAL_Driver/Src/stm32f1xx_hal_cortex.o
 .text.SysTick_Config
                0x0000000008000820       0x44 Drivers/STM32F1xx_HAL_Driver/Src/stm32f1xx_hal_cortex.o
 .text.HAL_NVIC_SetPriorityGrouping
                0x0000000008000864       0x16 Drivers/STM32F1xx_HAL_Driver/Src/stm32f1xx_hal_cortex.o
                0x0000000008000864                HAL_NVIC_SetPriorityGrouping
 .text.HAL_NVIC_SetPriority
                0x000000000800087a       0x38 Drivers/STM32F1xx_HAL_Driver/Src/stm32f1xx_hal_cortex.o
                0x000000000800087a                HAL_NVIC_SetPriority
 .text.HAL_SYSTICK_Config
                0x00000000080008b2       0x18 Drivers/STM32F1xx_HAL_Driver/Src/stm32f1xx_hal_cortex.o
                0x00000000080008b2                HAL_SYSTICK_Config
 *fill*         0x00000000080008ca        0x2 
 .text.HAL_GPIO_Init
                0x00000000080008cc      0x308 Drivers/STM32F1xx_HAL_Driver/Src/stm32f1xx_hal_gpio.o
                0x00000000080008cc                HAL_GPIO_Init
 .text.HAL_GPIO_ReadPin
                0x0000000008000bd4       0x2e Drivers/STM32F1xx_HAL_Driver/Src/stm32f1xx_hal_gpio.o
                0x0000000008000bd4                HAL_GPIO_ReadPin
 .text.HAL_GPIO_WritePin
                0x0000000008000c02       0x30 Drivers/STM32F1xx_HAL_Driver/Src/stm32f1xx_hal_gpio.o
                0x0000000008000c02                HAL_GPIO_WritePin
 *fill*         0x0000000008000c32        0x2 
 .text.HAL_RCC_OscConfig
                0x0000000008000c34      0x500 Drivers/STM32F1xx_HAL_Driver/Src/stm32f1xx_hal_rcc.o
                0x0000000008000c34                HAL_RCC_OscConfig
 .text.HAL_RCC_ClockConfig
                0x0000000008001134      0x1d4 Drivers/STM32F1xx_HAL_Driver/Src/stm32f1xx_hal_rcc.o
                0x0000000008001134                HAL_RCC_ClockConfig
 .text.HAL_RCC_GetSysClockFreq
                0x0000000008001308       0xc0 Drivers/STM32F1xx_HAL_Driver/Src/stm32f1xx_hal_rcc.o
                0x0000000008001308                HAL_RCC_GetSysClockFreq
 .text.HAL_RCC_GetHCLKFreq
                0x00000000080013c8       0x14 Drivers/STM32F1xx_HAL_Driver/Src/stm32f1xx_hal_rcc.o
                0x00000000080013c8                HAL_RCC_GetHCLKFreq
 .text.RCC_Delay
                0x00000000080013dc       0x3c Drivers/STM32F1xx_HAL_Driver/Src/stm32f1xx_hal_rcc.o
 .text.HAL_SPI_Init
                0x0000000008001418      0x108 Drivers/STM32F1xx_HAL_Driver/Src/stm32f1xx_hal_spi.o
                0x0000000008001418                HAL_SPI_Init
 .text.DWT_Delay_Init
                0x0000000008001520       0x60 util/DWT_Delay.o
                0x0000000008001520                DWT_Delay_Init
 .text.__libc_init_array
                0x0000000008001580       0x48 d:/_program file (x86)/stm32cubeide_1.5.1/stm32cubeide/plugins/com.st.stm32cube.ide.mcu.externaltools.gnu-tools-for-stm32.9-2020-q2-update.win32_1.5.0.202011040924/tools/bin/../lib/gcc/arm-none-eabi/9.3.1/../../../../arm-none-eabi/lib/thumb/v7-m/nofp\libc_nano.a(lib_a-init.o)
                0x0000000008001580                __libc_init_array
 .text.memset   0x00000000080015c8       0x10 d:/_program file (x86)/stm32cubeide_1.5.1/stm32cubeide/plugins/com.st.stm32cube.ide.mcu.externaltools.gnu-tools-for-stm32.9-2020-q2-update.win32_1.5.0.202011040924/tools/bin/../lib/gcc/arm-none-eabi/9.3.1/../../../../arm-none-eabi/lib/thumb/v7-m/nofp\libc_nano.a(lib_a-memset.o)
                0x00000000080015c8                memset
 *(.glue_7)
 .glue_7        0x00000000080015d8        0x0 linker stubs
 *(.glue_7t)
 .glue_7t       0x00000000080015d8        0x0 linker stubs
 *(.eh_frame)
 .eh_frame      0x00000000080015d8        0x0 d:/_program file (x86)/stm32cubeide_1.5.1/stm32cubeide/plugins/com.st.stm32cube.ide.mcu.externaltools.gnu-tools-for-stm32.9-2020-q2-update.win32_1.5.0.202011040924/tools/bin/../lib/gcc/arm-none-eabi/9.3.1/thumb/v7-m/nofp/crtbegin.o
 *(.init)
 .init          0x00000000080015d8        0x4 d:/_program file (x86)/stm32cubeide_1.5.1/stm32cubeide/plugins/com.st.stm32cube.ide.mcu.externaltools.gnu-tools-for-stm32.9-2020-q2-update.win32_1.5.0.202011040924/tools/bin/../lib/gcc/arm-none-eabi/9.3.1/thumb/v7-m/nofp/crti.o
                0x00000000080015d8                _init
 .init          0x00000000080015dc        0x8 d:/_program file (x86)/stm32cubeide_1.5.1/stm32cubeide/plugins/com.st.stm32cube.ide.mcu.externaltools.gnu-tools-for-stm32.9-2020-q2-update.win32_1.5.0.202011040924/tools/bin/../lib/gcc/arm-none-eabi/9.3.1/thumb/v7-m/nofp/crtn.o
 *(.fini)
 .fini          0x00000000080015e4        0x4 d:/_program file (x86)/stm32cubeide_1.5.1/stm32cubeide/plugins/com.st.stm32cube.ide.mcu.externaltools.gnu-tools-for-stm32.9-2020-q2-update.win32_1.5.0.202011040924/tools/bin/../lib/gcc/arm-none-eabi/9.3.1/thumb/v7-m/nofp/crti.o
                0x00000000080015e4                _fini
 .fini          0x00000000080015e8        0x8 d:/_program file (x86)/stm32cubeide_1.5.1/stm32cubeide/plugins/com.st.stm32cube.ide.mcu.externaltools.gnu-tools-for-stm32.9-2020-q2-update.win32_1.5.0.202011040924/tools/bin/../lib/gcc/arm-none-eabi/9.3.1/thumb/v7-m/nofp/crtn.o
                0x00000000080015f0                . = ALIGN (0x4)
                0x00000000080015f0                _etext = .

.vfp11_veneer   0x00000000080015f0        0x0
 .vfp11_veneer  0x00000000080015f0        0x0 linker stubs

.v4_bx          0x00000000080015f0        0x0
 .v4_bx         0x00000000080015f0        0x0 linker stubs

.iplt           0x00000000080015f0        0x0
 .iplt          0x00000000080015f0        0x0 d:/_program file (x86)/stm32cubeide_1.5.1/stm32cubeide/plugins/com.st.stm32cube.ide.mcu.externaltools.gnu-tools-for-stm32.9-2020-q2-update.win32_1.5.0.202011040924/tools/bin/../lib/gcc/arm-none-eabi/9.3.1/thumb/v7-m/nofp/crtbegin.o

.rodata         0x00000000080015f0       0x20
                0x00000000080015f0                . = ALIGN (0x4)
 *(.rodata)
 .rodata        0x00000000080015f0       0x10 Drivers/STM32F1xx_HAL_Driver/Src/stm32f1xx_hal_rcc.o
 *(.rodata*)
 .rodata.AHBPrescTable
                0x0000000008001600       0x10 Core/Src/system_stm32f1xx.o
                0x0000000008001600                AHBPrescTable
                0x0000000008001610                . = ALIGN (0x4)

.rel.dyn        0x0000000008001610        0x0
 .rel.iplt      0x0000000008001610        0x0 d:/_program file (x86)/stm32cubeide_1.5.1/stm32cubeide/plugins/com.st.stm32cube.ide.mcu.externaltools.gnu-tools-for-stm32.9-2020-q2-update.win32_1.5.0.202011040924/tools/bin/../lib/gcc/arm-none-eabi/9.3.1/thumb/v7-m/nofp/crtbegin.o

.ARM.extab      0x0000000008001610        0x0
                0x0000000008001610                . = ALIGN (0x4)
 *(.ARM.extab* .gnu.linkonce.armextab.*)
                0x0000000008001610                . = ALIGN (0x4)

.ARM            0x0000000008001610        0x0
                0x0000000008001610                . = ALIGN (0x4)
                0x0000000008001610                __exidx_start = .
 *(.ARM.exidx*)
                0x0000000008001610                __exidx_end = .
                0x0000000008001610                . = ALIGN (0x4)

.preinit_array  0x0000000008001610        0x0
                0x0000000008001610                . = ALIGN (0x4)
                0x0000000008001610                PROVIDE (__preinit_array_start = .)
 *(.preinit_array*)
                0x0000000008001610                PROVIDE (__preinit_array_end = .)
                0x0000000008001610                . = ALIGN (0x4)

.init_array     0x0000000008001610        0x4
                0x0000000008001610                . = ALIGN (0x4)
                0x0000000008001610                PROVIDE (__init_array_start = .)
 *(SORT_BY_NAME(.init_array.*))
 *(.init_array*)
 .init_array    0x0000000008001610        0x4 d:/_program file (x86)/stm32cubeide_1.5.1/stm32cubeide/plugins/com.st.stm32cube.ide.mcu.externaltools.gnu-tools-for-stm32.9-2020-q2-update.win32_1.5.0.202011040924/tools/bin/../lib/gcc/arm-none-eabi/9.3.1/thumb/v7-m/nofp/crtbegin.o
                0x0000000008001614                PROVIDE (__init_array_end = .)
                0x0000000008001614                . = ALIGN (0x4)

.fini_array     0x0000000008001614        0x4
                0x0000000008001614                . = ALIGN (0x4)
                [!provide]                        PROVIDE (__fini_array_start = .)
 *(SORT_BY_NAME(.fini_array.*))
 *(.fini_array*)
 .fini_array    0x0000000008001614        0x4 d:/_program file (x86)/stm32cubeide_1.5.1/stm32cubeide/plugins/com.st.stm32cube.ide.mcu.externaltools.gnu-tools-for-stm32.9-2020-q2-update.win32_1.5.0.202011040924/tools/bin/../lib/gcc/arm-none-eabi/9.3.1/thumb/v7-m/nofp/crtbegin.o
                [!provide]                        PROVIDE (__fini_array_end = .)
                0x0000000008001618                . = ALIGN (0x4)
                0x0000000008001618                _sidata = LOADADDR (.data)

.data           0x0000000020000000        0xc load address 0x0000000008001618
                0x0000000020000000                . = ALIGN (0x4)
                0x0000000020000000                _sdata = .
 *(.data)
 *(.data*)
 .data.SystemCoreClock
                0x0000000020000000        0x4 Core/Src/system_stm32f1xx.o
                0x0000000020000000                SystemCoreClock
 .data.uwTickPrio
                0x0000000020000004        0x4 Drivers/STM32F1xx_HAL_Driver/Src/stm32f1xx_hal.o
                0x0000000020000004                uwTickPrio
 .data.uwTickFreq
                0x0000000020000008        0x1 Drivers/STM32F1xx_HAL_Driver/Src/stm32f1xx_hal.o
                0x0000000020000008                uwTickFreq
 *(.RamFunc)
 *(.RamFunc*)
                0x000000002000000c                . = ALIGN (0x4)
 *fill*         0x0000000020000009        0x3 
                0x000000002000000c                _edata = .

.igot.plt       0x000000002000000c        0x0 load address 0x0000000008001624
 .igot.plt      0x000000002000000c        0x0 d:/_program file (x86)/stm32cubeide_1.5.1/stm32cubeide/plugins/com.st.stm32cube.ide.mcu.externaltools.gnu-tools-for-stm32.9-2020-q2-update.win32_1.5.0.202011040924/tools/bin/../lib/gcc/arm-none-eabi/9.3.1/thumb/v7-m/nofp/crtbegin.o
                0x000000002000000c                . = ALIGN (0x4)

.bss            0x000000002000000c       0xc0 load address 0x0000000008001624
                0x000000002000000c                _sbss = .
                0x000000002000000c                __bss_start__ = _sbss
 *(.bss)
 .bss           0x000000002000000c       0x1c d:/_program file (x86)/stm32cubeide_1.5.1/stm32cubeide/plugins/com.st.stm32cube.ide.mcu.externaltools.gnu-tools-for-stm32.9-2020-q2-update.win32_1.5.0.202011040924/tools/bin/../lib/gcc/arm-none-eabi/9.3.1/thumb/v7-m/nofp/crtbegin.o
 *(.bss*)
 *(COMMON)
 COMMON         0x0000000020000028       0xa0 Core/Src/main.o
                0x0000000020000028                htim4
                0x0000000020000070                hspi1
 COMMON         0x00000000200000c8        0x4 Drivers/STM32F1xx_HAL_Driver/Src/stm32f1xx_hal.o
                0x00000000200000c8                uwTick
                0x00000000200000cc                . = ALIGN (0x4)
                0x00000000200000cc                _ebss = .
                0x00000000200000cc                __bss_end__ = _ebss

._user_heap_stack
                0x00000000200000cc      0x604 load address 0x0000000008001624
                0x00000000200000d0                . = ALIGN (0x8)
 *fill*         0x00000000200000cc        0x4 
                [!provide]                        PROVIDE (end = .)
                0x00000000200000d0                PROVIDE (_end = .)
                0x00000000200002d0                . = (. + _Min_Heap_Size)
 *fill*         0x00000000200000d0      0x200 
                0x00000000200006d0                . = (. + _Min_Stack_Size)
 *fill*         0x00000000200002d0      0x400 
                0x00000000200006d0                . = ALIGN (0x8)

/DISCARD/
 libc.a(*)
 libm.a(*)
 libgcc.a(*)

.ARM.attributes
                0x0000000000000000       0x29
 *(.ARM.attributes)
 .ARM.attributes
                0x0000000000000000       0x1d d:/_program file (x86)/stm32cubeide_1.5.1/stm32cubeide/plugins/com.st.stm32cube.ide.mcu.externaltools.gnu-tools-for-stm32.9-2020-q2-update.win32_1.5.0.202011040924/tools/bin/../lib/gcc/arm-none-eabi/9.3.1/thumb/v7-m/nofp/crti.o
 .ARM.attributes
                0x000000000000001d       0x2d d:/_program file (x86)/stm32cubeide_1.5.1/stm32cubeide/plugins/com.st.stm32cube.ide.mcu.externaltools.gnu-tools-for-stm32.9-2020-q2-update.win32_1.5.0.202011040924/tools/bin/../lib/gcc/arm-none-eabi/9.3.1/thumb/v7-m/nofp/crtbegin.o
 .ARM.attributes
                0x000000000000004a       0x2d Core/Src/hx711.o
 .ARM.attributes
                0x0000000000000077       0x2d Core/Src/main.o
 .ARM.attributes
                0x00000000000000a4       0x2d Core/Src/stm32f1xx_hal_msp.o
 .ARM.attributes
                0x00000000000000d1       0x2d Core/Src/stm32f1xx_it.o
 .ARM.attributes
                0x00000000000000fe       0x2d Core/Src/system_stm32f1xx.o
 .ARM.attributes
                0x000000000000012b       0x21 Core/Startup/startup_stm32f103c8tx.o
 .ARM.attributes
                0x000000000000014c       0x2d Drivers/STM32F1xx_HAL_Driver/Src/stm32f1xx_hal.o
 .ARM.attributes
                0x0000000000000179       0x2d Drivers/STM32F1xx_HAL_Driver/Src/stm32f1xx_hal_cortex.o
 .ARM.attributes
                0x00000000000001a6       0x2d Drivers/STM32F1xx_HAL_Driver/Src/stm32f1xx_hal_gpio.o
 .ARM.attributes
                0x00000000000001d3       0x2d Drivers/STM32F1xx_HAL_Driver/Src/stm32f1xx_hal_rcc.o
 .ARM.attributes
                0x0000000000000200       0x2d Drivers/STM32F1xx_HAL_Driver/Src/stm32f1xx_hal_spi.o
 .ARM.attributes
                0x000000000000022d       0x2d util/DWT_Delay.o
 .ARM.attributes
                0x000000000000025a       0x2d d:/_program file (x86)/stm32cubeide_1.5.1/stm32cubeide/plugins/com.st.stm32cube.ide.mcu.externaltools.gnu-tools-for-stm32.9-2020-q2-update.win32_1.5.0.202011040924/tools/bin/../lib/gcc/arm-none-eabi/9.3.1/../../../../arm-none-eabi/lib/thumb/v7-m/nofp\libc_nano.a(lib_a-init.o)
 .ARM.attributes
                0x0000000000000287       0x2d d:/_program file (x86)/stm32cubeide_1.5.1/stm32cubeide/plugins/com.st.stm32cube.ide.mcu.externaltools.gnu-tools-for-stm32.9-2020-q2-update.win32_1.5.0.202011040924/tools/bin/../lib/gcc/arm-none-eabi/9.3.1/../../../../arm-none-eabi/lib/thumb/v7-m/nofp\libc_nano.a(lib_a-memset.o)
 .ARM.attributes
                0x00000000000002b4       0x1d d:/_program file (x86)/stm32cubeide_1.5.1/stm32cubeide/plugins/com.st.stm32cube.ide.mcu.externaltools.gnu-tools-for-stm32.9-2020-q2-update.win32_1.5.0.202011040924/tools/bin/../lib/gcc/arm-none-eabi/9.3.1/thumb/v7-m/nofp/crtn.o
OUTPUT(HX711.elf elf32-littlearm)
LOAD linker stubs
LOAD d:/_program file (x86)/stm32cubeide_1.5.1/stm32cubeide/plugins/com.st.stm32cube.ide.mcu.externaltools.gnu-tools-for-stm32.9-2020-q2-update.win32_1.5.0.202011040924/tools/bin/../lib/gcc/arm-none-eabi/9.3.1/../../../../arm-none-eabi/lib/thumb/v7-m/nofp\libc.a
LOAD d:/_program file (x86)/stm32cubeide_1.5.1/stm32cubeide/plugins/com.st.stm32cube.ide.mcu.externaltools.gnu-tools-for-stm32.9-2020-q2-update.win32_1.5.0.202011040924/tools/bin/../lib/gcc/arm-none-eabi/9.3.1/../../../../arm-none-eabi/lib/thumb/v7-m/nofp\libm.a
LOAD d:/_program file (x86)/stm32cubeide_1.5.1/stm32cubeide/plugins/com.st.stm32cube.ide.mcu.externaltools.gnu-tools-for-stm32.9-2020-q2-update.win32_1.5.0.202011040924/tools/bin/../lib/gcc/arm-none-eabi/9.3.1/thumb/v7-m/nofp\libgcc.a

.debug_info     0x0000000000000000     0x6a51
 .debug_info    0x0000000000000000      0x41a Core/Src/hx711.o
 .debug_info    0x000000000000041a     0x178e Core/Src/main.o
 .debug_info    0x0000000000001ba8      0xcce Core/Src/stm32f1xx_hal_msp.o
 .debug_info    0x0000000000002876      0x222 Core/Src/stm32f1xx_it.o
 .debug_info    0x0000000000002a98      0x2be Core/Src/system_stm32f1xx.o
 .debug_info    0x0000000000002d56       0x22 Core/Startup/startup_stm32f103c8tx.o
 .debug_info    0x0000000000002d78      0x76a Drivers/STM32F1xx_HAL_Driver/Src/stm32f1xx_hal.o
 .debug_info    0x00000000000034e2      0xbdc Drivers/STM32F1xx_HAL_Driver/Src/stm32f1xx_hal_cortex.o
 .debug_info    0x00000000000040be      0x701 Drivers/STM32F1xx_HAL_Driver/Src/stm32f1xx_hal_gpio.o
 .debug_info    0x00000000000047bf      0x88e Drivers/STM32F1xx_HAL_Driver/Src/stm32f1xx_hal_rcc.o
 .debug_info    0x000000000000504d     0x16af Drivers/STM32F1xx_HAL_Driver/Src/stm32f1xx_hal_spi.o
 .debug_info    0x00000000000066fc      0x355 util/DWT_Delay.o

.debug_abbrev   0x0000000000000000     0x14d0
 .debug_abbrev  0x0000000000000000      0x150 Core/Src/hx711.o
 .debug_abbrev  0x0000000000000150      0x2c1 Core/Src/main.o
 .debug_abbrev  0x0000000000000411      0x1db Core/Src/stm32f1xx_hal_msp.o
 .debug_abbrev  0x00000000000005ec       0xd2 Core/Src/stm32f1xx_it.o
 .debug_abbrev  0x00000000000006be      0x14e Core/Src/system_stm32f1xx.o
 .debug_abbrev  0x000000000000080c       0x12 Core/Startup/startup_stm32f103c8tx.o
 .debug_abbrev  0x000000000000081e      0x1ed Drivers/STM32F1xx_HAL_Driver/Src/stm32f1xx_hal.o
 .debug_abbrev  0x0000000000000a0b      0x313 Drivers/STM32F1xx_HAL_Driver/Src/stm32f1xx_hal_cortex.o
 .debug_abbrev  0x0000000000000d1e      0x1e8 Drivers/STM32F1xx_HAL_Driver/Src/stm32f1xx_hal_gpio.o
 .debug_abbrev  0x0000000000000f06      0x273 Drivers/STM32F1xx_HAL_Driver/Src/stm32f1xx_hal_rcc.o
 .debug_abbrev  0x0000000000001179      0x26e Drivers/STM32F1xx_HAL_Driver/Src/stm32f1xx_hal_spi.o
 .debug_abbrev  0x00000000000013e7       0xe9 util/DWT_Delay.o

.debug_aranges  0x0000000000000000      0x618
 .debug_aranges
                0x0000000000000000       0x28 Core/Src/hx711.o
 .debug_aranges
                0x0000000000000028       0x48 Core/Src/main.o
 .debug_aranges
                0x0000000000000070       0x40 Core/Src/stm32f1xx_hal_msp.o
 .debug_aranges
                0x00000000000000b0       0x60 Core/Src/stm32f1xx_it.o
 .debug_aranges
                0x0000000000000110       0x28 Core/Src/system_stm32f1xx.o
 .debug_aranges
                0x0000000000000138       0x28 Core/Startup/startup_stm32f103c8tx.o
 .debug_aranges
                0x0000000000000160       0xe0 Drivers/STM32F1xx_HAL_Driver/Src/stm32f1xx_hal.o
 .debug_aranges
                0x0000000000000240      0x100 Drivers/STM32F1xx_HAL_Driver/Src/stm32f1xx_hal_cortex.o
 .debug_aranges
                0x0000000000000340       0x58 Drivers/STM32F1xx_HAL_Driver/Src/stm32f1xx_hal_gpio.o
 .debug_aranges
                0x0000000000000398       0x90 Drivers/STM32F1xx_HAL_Driver/Src/stm32f1xx_hal_rcc.o
 .debug_aranges
                0x0000000000000428      0x1d0 Drivers/STM32F1xx_HAL_Driver/Src/stm32f1xx_hal_spi.o
 .debug_aranges
                0x00000000000005f8       0x20 util/DWT_Delay.o

.debug_ranges   0x0000000000000000      0x560
 .debug_ranges  0x0000000000000000       0x18 Core/Src/hx711.o
 .debug_ranges  0x0000000000000018       0x38 Core/Src/main.o
 .debug_ranges  0x0000000000000050       0x30 Core/Src/stm32f1xx_hal_msp.o
 .debug_ranges  0x0000000000000080       0x50 Core/Src/stm32f1xx_it.o
 .debug_ranges  0x00000000000000d0       0x18 Core/Src/system_stm32f1xx.o
 .debug_ranges  0x00000000000000e8       0x20 Core/Startup/startup_stm32f103c8tx.o
 .debug_ranges  0x0000000000000108       0xd0 Drivers/STM32F1xx_HAL_Driver/Src/stm32f1xx_hal.o
 .debug_ranges  0x00000000000001d8       0xf0 Drivers/STM32F1xx_HAL_Driver/Src/stm32f1xx_hal_cortex.o
 .debug_ranges  0x00000000000002c8       0x48 Drivers/STM32F1xx_HAL_Driver/Src/stm32f1xx_hal_gpio.o
 .debug_ranges  0x0000000000000310       0x80 Drivers/STM32F1xx_HAL_Driver/Src/stm32f1xx_hal_rcc.o
 .debug_ranges  0x0000000000000390      0x1c0 Drivers/STM32F1xx_HAL_Driver/Src/stm32f1xx_hal_spi.o
 .debug_ranges  0x0000000000000550       0x10 util/DWT_Delay.o

.debug_macro    0x0000000000000000    0x173f0
 .debug_macro   0x0000000000000000      0x1ca Core/Src/hx711.o
 .debug_macro   0x00000000000001ca      0xa9c Core/Src/hx711.o
 .debug_macro   0x0000000000000c66      0x21b Core/Src/hx711.o
 .debug_macro   0x0000000000000e81       0x2e Core/Src/hx711.o
 .debug_macro   0x0000000000000eaf       0x22 Core/Src/hx711.o
 .debug_macro   0x0000000000000ed1       0x22 Core/Src/hx711.o
 .debug_macro   0x0000000000000ef3       0x8e Core/Src/hx711.o
 .debug_macro   0x0000000000000f81       0x51 Core/Src/hx711.o
 .debug_macro   0x0000000000000fd2      0x103 Core/Src/hx711.o
 .debug_macro   0x00000000000010d5       0x6a Core/Src/hx711.o
 .debug_macro   0x000000000000113f      0x1df Core/Src/hx711.o
 .debug_macro   0x000000000000131e       0x1c Core/Src/hx711.o
 .debug_macro   0x000000000000133a       0x22 Core/Src/hx711.o
 .debug_macro   0x000000000000135c       0xc3 Core/Src/hx711.o
 .debug_macro   0x000000000000141f      0xd23 Core/Src/hx711.o
 .debug_macro   0x0000000000002142     0xe097 Core/Src/hx711.o
 .debug_macro   0x00000000000101d9       0x43 Core/Src/hx711.o
 .debug_macro   0x000000000001021c     0x3468 Core/Src/hx711.o
 .debug_macro   0x0000000000013684      0x174 Core/Src/hx711.o
 .debug_macro   0x00000000000137f8       0x5c Core/Src/hx711.o
 .debug_macro   0x0000000000013854      0x5be Core/Src/hx711.o
 .debug_macro   0x0000000000013e12      0x289 Core/Src/hx711.o
 .debug_macro   0x000000000001409b      0x1cb Core/Src/hx711.o
 .debug_macro   0x0000000000014266      0x114 Core/Src/hx711.o
 .debug_macro   0x000000000001437a      0x1b2 Core/Src/hx711.o
 .debug_macro   0x000000000001452c       0x27 Core/Src/hx711.o
 .debug_macro   0x0000000000014553      0x136 Core/Src/hx711.o
 .debug_macro   0x0000000000014689      0x1bc Core/Src/hx711.o
 .debug_macro   0x0000000000014845       0x34 Core/Src/hx711.o
 .debug_macro   0x0000000000014879       0x3c Core/Src/hx711.o
 .debug_macro   0x00000000000148b5       0x57 Core/Src/hx711.o
 .debug_macro   0x000000000001490c       0x88 Core/Src/hx711.o
 .debug_macro   0x0000000000014994      0x241 Core/Src/hx711.o
 .debug_macro   0x0000000000014bd5      0x141 Core/Src/hx711.o
 .debug_macro   0x0000000000014d16      0x217 Core/Src/hx711.o
 .debug_macro   0x0000000000014f2d      0x8d1 Core/Src/hx711.o
 .debug_macro   0x00000000000157fe       0x83 Core/Src/hx711.o
 .debug_macro   0x0000000000015881       0x22 Core/Src/hx711.o
 .debug_macro   0x00000000000158a3      0x2ed Core/Src/main.o
 .debug_macro   0x0000000000015b90       0x28 Core/Src/main.o
 .debug_macro   0x0000000000015bb8       0x52 Core/Src/main.o
 .debug_macro   0x0000000000015c0a       0x18 Core/Src/main.o
 .debug_macro   0x0000000000015c22       0x3c Core/Src/main.o
 .debug_macro   0x0000000000015c5e       0x34 Core/Src/main.o
 .debug_macro   0x0000000000015c92       0x16 Core/Src/main.o
 .debug_macro   0x0000000000015ca8       0x43 Core/Src/main.o
 .debug_macro   0x0000000000015ceb       0x34 Core/Src/main.o
 .debug_macro   0x0000000000015d1f       0x10 Core/Src/main.o
 .debug_macro   0x0000000000015d2f       0x58 Core/Src/main.o
 .debug_macro   0x0000000000015d87       0x71 Core/Src/main.o
 .debug_macro   0x0000000000015df8       0x1c Core/Src/main.o
 .debug_macro   0x0000000000015e14      0x12a Core/Src/main.o
 .debug_macro   0x0000000000015f3e      0x333 Core/Src/main.o
 .debug_macro   0x0000000000016271       0x10 Core/Src/main.o
 .debug_macro   0x0000000000016281       0x35 Core/Src/main.o
 .debug_macro   0x00000000000162b6       0x20 Core/Src/main.o
 .debug_macro   0x00000000000162d6       0x16 Core/Src/main.o
 .debug_macro   0x00000000000162ec       0x16 Core/Src/main.o
 .debug_macro   0x0000000000016302       0x29 Core/Src/main.o
 .debug_macro   0x000000000001632b      0x139 Core/Src/main.o
 .debug_macro   0x0000000000016464      0x1ad Core/Src/stm32f1xx_hal_msp.o
 .debug_macro   0x0000000000016611      0x1b7 Core/Src/stm32f1xx_it.o
 .debug_macro   0x00000000000167c8      0x1a3 Core/Src/system_stm32f1xx.o
 .debug_macro   0x000000000001696b      0x1c7 Drivers/STM32F1xx_HAL_Driver/Src/stm32f1xx_hal.o
 .debug_macro   0x0000000000016b32      0x1a3 Drivers/STM32F1xx_HAL_Driver/Src/stm32f1xx_hal_cortex.o
 .debug_macro   0x0000000000016cd5      0x20e Drivers/STM32F1xx_HAL_Driver/Src/stm32f1xx_hal_gpio.o
 .debug_macro   0x0000000000016ee3      0x1b5 Drivers/STM32F1xx_HAL_Driver/Src/stm32f1xx_hal_rcc.o
 .debug_macro   0x0000000000017098      0x1ab Drivers/STM32F1xx_HAL_Driver/Src/stm32f1xx_hal_spi.o
 .debug_macro   0x0000000000017243      0x1ad util/DWT_Delay.o

.debug_line     0x0000000000000000     0x7a02
 .debug_line    0x0000000000000000      0x7b1 Core/Src/hx711.o
 .debug_line    0x00000000000007b1      0xb2b Core/Src/main.o
 .debug_line    0x00000000000012dc      0x77b Core/Src/stm32f1xx_hal_msp.o
 .debug_line    0x0000000000001a57      0x7b1 Core/Src/stm32f1xx_it.o
 .debug_line    0x0000000000002208      0x76d Core/Src/system_stm32f1xx.o
 .debug_line    0x0000000000002975       0x84 Core/Startup/startup_stm32f103c8tx.o
 .debug_line    0x00000000000029f9      0x99a Drivers/STM32F1xx_HAL_Driver/Src/stm32f1xx_hal.o
 .debug_line    0x0000000000003393      0xb82 Drivers/STM32F1xx_HAL_Driver/Src/stm32f1xx_hal_cortex.o
 .debug_line    0x0000000000003f15      0xa31 Drivers/STM32F1xx_HAL_Driver/Src/stm32f1xx_hal_gpio.o
 .debug_line    0x0000000000004946      0xda8 Drivers/STM32F1xx_HAL_Driver/Src/stm32f1xx_hal_rcc.o
 .debug_line    0x00000000000056ee     0x1c12 Drivers/STM32F1xx_HAL_Driver/Src/stm32f1xx_hal_spi.o
 .debug_line    0x0000000000007300      0x702 util/DWT_Delay.o

.debug_str      0x0000000000000000    0x87b75
 .debug_str     0x0000000000000000    0x8260f Core/Src/hx711.o
                                      0x82975 (size before relaxing)
 .debug_str     0x000000000008260f     0x4025 Core/Src/main.o
                                      0x86935 (size before relaxing)
 .debug_str     0x0000000000086634       0xad Core/Src/stm32f1xx_hal_msp.o
                                      0x82f77 (size before relaxing)
 .debug_str     0x00000000000866e1       0xbd Core/Src/stm32f1xx_it.o
                                      0x82856 (size before relaxing)
 .debug_str     0x000000000008679e       0x52 Core/Src/system_stm32f1xx.o
                                      0x82826 (size before relaxing)
 .debug_str     0x00000000000867f0       0x36 Core/Startup/startup_stm32f103c8tx.o
                                         0x53 (size before relaxing)
 .debug_str     0x0000000000086826      0x559 Drivers/STM32F1xx_HAL_Driver/Src/stm32f1xx_hal.o
                                      0x82eb7 (size before relaxing)
 .debug_str     0x0000000000086d7f      0x2f0 Drivers/STM32F1xx_HAL_Driver/Src/stm32f1xx_hal_cortex.o
                                      0x82ebf (size before relaxing)
 .debug_str     0x000000000008706f      0x324 Drivers/STM32F1xx_HAL_Driver/Src/stm32f1xx_hal_gpio.o
                                      0x82bea (size before relaxing)
 .debug_str     0x0000000000087393      0x24f Drivers/STM32F1xx_HAL_Driver/Src/stm32f1xx_hal_rcc.o
                                      0x82c23 (size before relaxing)
 .debug_str     0x00000000000875e2      0x549 Drivers/STM32F1xx_HAL_Driver/Src/stm32f1xx_hal_spi.o
                                      0x8312b (size before relaxing)
 .debug_str     0x0000000000087b2b       0x4a util/DWT_Delay.o
                                      0x8289d (size before relaxing)

.comment        0x0000000000000000       0x53
 .comment       0x0000000000000000       0x53 Core/Src/hx711.o
                                         0x54 (size before relaxing)
 .comment       0x0000000000000053       0x54 Core/Src/main.o
 .comment       0x0000000000000053       0x54 Core/Src/stm32f1xx_hal_msp.o
 .comment       0x0000000000000053       0x54 Core/Src/stm32f1xx_it.o
 .comment       0x0000000000000053       0x54 Core/Src/system_stm32f1xx.o
 .comment       0x0000000000000053       0x54 Drivers/STM32F1xx_HAL_Driver/Src/stm32f1xx_hal.o
 .comment       0x0000000000000053       0x54 Drivers/STM32F1xx_HAL_Driver/Src/stm32f1xx_hal_cortex.o
 .comment       0x0000000000000053       0x54 Drivers/STM32F1xx_HAL_Driver/Src/stm32f1xx_hal_gpio.o
 .comment       0x0000000000000053       0x54 Drivers/STM32F1xx_HAL_Driver/Src/stm32f1xx_hal_rcc.o
 .comment       0x0000000000000053       0x54 Drivers/STM32F1xx_HAL_Driver/Src/stm32f1xx_hal_spi.o
 .comment       0x0000000000000053       0x54 util/DWT_Delay.o

.debug_frame    0x0000000000000000     0x16b8
 .debug_frame   0x0000000000000000       0x58 Core/Src/hx711.o
 .debug_frame   0x0000000000000058       0xd0 Core/Src/main.o
 .debug_frame   0x0000000000000128       0xd0 Core/Src/stm32f1xx_hal_msp.o
 .debug_frame   0x00000000000001f8      0x104 Core/Src/stm32f1xx_it.o
 .debug_frame   0x00000000000002fc       0x58 Core/Src/system_stm32f1xx.o
 .debug_frame   0x0000000000000354      0x334 Drivers/STM32F1xx_HAL_Driver/Src/stm32f1xx_hal.o
 .debug_frame   0x0000000000000688      0x428 Drivers/STM32F1xx_HAL_Driver/Src/stm32f1xx_hal_cortex.o
 .debug_frame   0x0000000000000ab0      0x14c Drivers/STM32F1xx_HAL_Driver/Src/stm32f1xx_hal_gpio.o
 .debug_frame   0x0000000000000bfc      0x21c Drivers/STM32F1xx_HAL_Driver/Src/stm32f1xx_hal_rcc.o
 .debug_frame   0x0000000000000e18      0x824 Drivers/STM32F1xx_HAL_Driver/Src/stm32f1xx_hal_spi.o
 .debug_frame   0x000000000000163c       0x30 util/DWT_Delay.o
 .debug_frame   0x000000000000166c       0x2c d:/_program file (x86)/stm32cubeide_1.5.1/stm32cubeide/plugins/com.st.stm32cube.ide.mcu.externaltools.gnu-tools-for-stm32.9-2020-q2-update.win32_1.5.0.202011040924/tools/bin/../lib/gcc/arm-none-eabi/9.3.1/../../../../arm-none-eabi/lib/thumb/v7-m/nofp\libc_nano.a(lib_a-init.o)
 .debug_frame   0x0000000000001698       0x20 d:/_program file (x86)/stm32cubeide_1.5.1/stm32cubeide/plugins/com.st.stm32cube.ide.mcu.externaltools.gnu-tools-for-stm32.9-2020-q2-update.win32_1.5.0.202011040924/tools/bin/../lib/gcc/arm-none-eabi/9.3.1/../../../../arm-none-eabi/lib/thumb/v7-m/nofp\libc_nano.a(lib_a-memset.o)
